wasim@Wasim MINGW64 /d/code/Test/restapi/restapi
$ git init
Initialized empty Git repository in D:/code/Test/restapi/restapi/.git/

wasim@Wasim MINGW64 /d/code/Test/restapi/restapi (master)
$ git remote add origin https://github.com/wasimiqubal/restapi.git

wasim@Wasim MINGW64 /d/code/Test/restapi/restapi (master)
$ git status
On branch master

No commits yet

Untracked files:
  (use "git add <file>..." to include in what will be committed)
        .gitignore
        .mvn/
        mvnw
        mvnw.cmd
        pom.xml
        src/

nothing added to commit but untracked files present (use "git add" to track)

wasim@Wasim MINGW64 /d/code/Test/restapi/restapi (master)
$ git branch

wasim@Wasim MINGW64 /d/code/Test/restapi/restapi (master)
$ git add .
warning: in the working copy of '.gitignore', LF will be replaced by CRLF the next time Git touches it
warning: in the working copy of '.mvn/wrapper/maven-wrapper.properties', LF will be replaced by CRLF the next time Git touches it
warning: in the working copy of 'mvnw', LF will be replaced by CRLF the next time Git touches it
warning: in the working copy of 'mvnw.cmd', LF will be replaced by CRLF the next time Git touches it
warning: in the working copy of 'pom.xml', LF will be replaced by CRLF the next time Git touches it
warning: in the working copy of 'src/main/java/com/iqubal/restapi/RestapiApplication.java', LF will be replaced by CRLF the next time Git touches it
warning: in the working copy of 'src/main/resources/application.properties', LF will be replaced by CRLF the next time Git touches it
warning: in the working copy of 'src/test/java/com/iqubal/restapi/RestapiApplicationTests.java', LF will be replaced by CRLF the next time Git touches it

wasim@Wasim MINGW64 /d/code/Test/restapi/restapi (master)
$ git status
On branch master

No commits yet

Changes to be committed:
  (use "git rm --cached <file>..." to unstage)
        new file:   .gitignore
        new file:   .mvn/wrapper/maven-wrapper.properties
        new file:   mvnw
        new file:   mvnw.cmd
        new file:   pom.xml
        new file:   src/main/java/com/iqubal/restapi/RestapiApplication.java
        new file:   src/main/java/com/iqubal/restapi/controller/HelloWorld.java
        new file:   src/main/resources/application.properties
        new file:   src/test/java/com/iqubal/restapi/RestapiApplicationTests.java


wasim@Wasim MINGW64 /d/code/Test/restapi/restapi (master)
$ git commit -m "first commit for restapi project"
[master (root-commit) 4b688b4] first commit for restapi project
 9 files changed, 557 insertions(+)
 create mode 100644 .gitignore
 create mode 100644 .mvn/wrapper/maven-wrapper.properties
 create mode 100644 mvnw
 create mode 100644 mvnw.cmd
 create mode 100644 pom.xml
 create mode 100644 src/main/java/com/iqubal/restapi/RestapiApplication.java
 create mode 100644 src/main/java/com/iqubal/restapi/controller/HelloWorld.java
 create mode 100644 src/main/resources/application.properties
 create mode 100644 src/test/java/com/iqubal/restapi/RestapiApplicationTests.java

wasim@Wasim MINGW64 /d/code/Test/restapi/restapi (master)
$ git status
On branch master
nothing to commit, working tree clean

wasim@Wasim MINGW64 /d/code/Test/restapi/restapi (master)
$ git branch
* master

wasim@Wasim MINGW64 /d/code/Test/restapi/restapi (master)
$ git push origin master
Enumerating objects: 26, done.
Counting objects: 100% (26/26), done.
Delta compression using up to 12 threads
Compressing objects: 100% (16/16), done.
Writing objects: 100% (26/26), 8.72 KiB | 2.91 MiB/s, done.
Total 26 (delta 1), reused 0 (delta 0), pack-reused 0 (from 0)
remote: Resolving deltas: 100% (1/1), done.
To https://github.com/wasimiqubal/restapi.git
 * [new branch]      master -> master

wasim@Wasim MINGW64 /d/code/Test/restapi/restapi (master)
